// Jest Snapshot v1, https://goo.gl/fbAQLP

exports[`Testing DetailsLayout Should renders DetailsTitle and DetailsBody correctly 1`] = `
<div>
  <main
    class="details-page"
  >
    <div
      class="details-title"
    >
      <h1>
        Details Title
      </h1>
    </div>
    <div
      class="details-body"
    >
      <p>
        Details Body
      </p>
    </div>
  </main>
</div>
`;
